[    0.000000] Initializing cgroup subsys cpuset
[    0.000000] Initializing cgroup subsys cpu
[    0.000000] Initializing cgroup subsys cpuacct
[    0.000000] Linux version 4.4.0-174-generic (buildd@lcy01-amd64-027) (gcc version 5.4.0 20160609 (Ubuntu 5.4.0-6ubuntu1~16.04.12) ) #204-Ubuntu SMP Wed Jan 29 06:41:01 UTC 2020 (Ubuntu 4.4.0-174.204-generic 4.4.211)
[    0.000000] Command line: BOOT_IMAGE=/boot/vmlinuz-4.4.0-174-generic root=LABEL=cloudimg-rootfs ro console=tty1 console=ttyS0
[    0.000000] KERNEL supported cpus:
[    0.000000]   Intel GenuineIntel
[    0.000000]   AMD AuthenticAMD
[    0.000000]   Centaur CentaurHauls
[    0.000000] x86/fpu: xstate_offset[2]:  576, xstate_sizes[2]:  256
[    0.000000] x86/fpu: Supporting XSAVE feature 0x01: 'x87 floating point registers'
[    0.000000] x86/fpu: Supporting XSAVE feature 0x02: 'SSE registers'
[    0.000000] x86/fpu: Supporting XSAVE feature 0x04: 'AVX registers'
[    0.000000] x86/fpu: Enabled xstate features 0x7, context size is 832 bytes, using 'standard' format.
[    0.000000] e820: BIOS-provided physical RAM map:
[    0.000000] BIOS-e820: [mem 0x0000000000000000-0x000000000009fbff] usable
[    0.000000] BIOS-e820: [mem 0x000000000009fc00-0x000000000009ffff] reserved
[    0.000000] BIOS-e820: [mem 0x00000000000f0000-0x00000000000fffff] reserved
[    0.000000] BIOS-e820: [mem 0x0000000000100000-0x000000003ffeffff] usable
[    0.000000] BIOS-e820: [mem 0x000000003fff0000-0x000000003fffffff] ACPI data
[    0.000000] BIOS-e820: [mem 0x00000000fec00000-0x00000000fec00fff] reserved
[    0.000000] BIOS-e820: [mem 0x00000000fee00000-0x00000000fee00fff] reserved
[    0.000000] BIOS-e820: [mem 0x00000000fffc0000-0x00000000ffffffff] reserved
[    0.000000] NX (Execute Disable) protection: active
[    0.000000] SMBIOS 2.5 present.
[    0.000000] Hypervisor detected: KVM
[    0.000000] e820: last_pfn = 0x3fff0 max_arch_pfn = 0x400000000
[    0.000000] MTRR: Disabled
[    0.000000] x86/PAT: MTRRs disabled, skipping PAT initialization too.
[    0.000000] CPU MTRRs all blank - virtualized system.
[    0.000000] x86/PAT: Configuration [0-7]: WB  WT  UC- UC  WB  WT  UC- UC  
[    0.000000] found SMP MP-table at [mem 0x0009fff0-0x0009ffff] mapped at [ffff88000009fff0]
[    0.000000] Scanning 1 areas for low memory corruption
[    0.000000] RAMDISK: [mem 0x362e0000-0x37167fff]
[    0.000000] ACPI: Early table checksum verification disabled
[    0.000000] ACPI: RSDP 0x00000000000E0000 000024 (v02 VBOX  )
[    0.000000] ACPI: XSDT 0x000000003FFF0030 00003C (v01 VBOX   VBOXXSDT 00000001 ASL  00000061)
[    0.000000] ACPI: FACP 0x000000003FFF00F0 0000F4 (v04 VBOX   VBOXFACP 00000001 ASL  00000061)
[    0.000000] ACPI: DSDT 0x000000003FFF0470 002325 (v02 VBOX   VBOXBIOS 00000002 INTL 20100528)
[    0.000000] ACPI: FACS 0x000000003FFF0200 000040
[    0.000000] ACPI: FACS 0x000000003FFF0200 000040
[    0.000000] ACPI: APIC 0x000000003FFF0240 00005C (v02 VBOX   VBOXAPIC 00000001 ASL  00000061)
[    0.000000] ACPI: SSDT 0x000000003FFF02A0 0001CC (v01 VBOX   VBOXCPUT 00000002 INTL 20100528)
[    0.000000] No NUMA configuration found
[    0.000000] Faking a node at [mem 0x0000000000000000-0x000000003ffeffff]
[    0.000000] NODE_DATA(0) allocated [mem 0x3ffeb000-0x3ffeffff]
[    0.000000] kvm-clock: Using msrs 4b564d01 and 4b564d00
[    0.000000] kvm-clock: cpu 0, msr 0:3ffe3001, primary cpu clock
[    0.000000] kvm-clock: using sched offset of 3687574495 cycles
[    0.000000] clocksource: kvm-clock: mask: 0xffffffffffffffff max_cycles: 0x1cd42e4dffb, max_idle_ns: 881590591483 ns
[    0.000000] Zone ranges:
[    0.000000]   DMA      [mem 0x0000000000001000-0x0000000000ffffff]
[    0.000000]   DMA32    [mem 0x0000000001000000-0x000000003ffeffff]
[    0.000000]   Normal   empty
[    0.000000]   Device   empty
[    0.000000] Movable zone start for each node
[    0.000000] Early memory node ranges
[    0.000000]   node   0: [mem 0x0000000000001000-0x000000000009efff]
[    0.000000]   node   0: [mem 0x0000000000100000-0x000000003ffeffff]
[    0.000000] Initmem setup node 0 [mem 0x0000000000001000-0x000000003ffeffff]
[    0.000000] ACPI: PM-Timer IO Port: 0x4008
[    0.000000] IOAPIC[0]: apic_id 2, version 32, address 0xfec00000, GSI 0-23
[    0.000000] ACPI: INT_SRC_OVR (bus 0 bus_irq 0 global_irq 2 dfl dfl)
[    0.000000] ACPI: INT_SRC_OVR (bus 0 bus_irq 9 global_irq 9 low level)
[    0.000000] Using ACPI (MADT) for SMP configuration information
[    0.000000] smpboot: Allowing 2 CPUs, 0 hotplug CPUs
[    0.000000] PM: Registered nosave memory: [mem 0x00000000-0x00000fff]
[    0.000000] PM: Registered nosave memory: [mem 0x0009f000-0x0009ffff]
[    0.000000] PM: Registered nosave memory: [mem 0x000a0000-0x000effff]
[    0.000000] PM: Registered nosave memory: [mem 0x000f0000-0x000fffff]
[    0.000000] e820: [mem 0x40000000-0xfebfffff] available for PCI devices
[    0.000000] Booting paravirtualized kernel on KVM
[    0.000000] clocksource: refined-jiffies: mask: 0xffffffff max_cycles: 0xffffffff, max_idle_ns: 7645519600211568 ns
[    0.000000] setup_percpu: NR_CPUS:512 nr_cpumask_bits:512 nr_cpu_ids:2 nr_node_ids:1
[    0.000000] PERCPU: Embedded 33 pages/cpu @ffff88003fc00000 s95448 r8192 d31528 u1048576
[    0.000000] Built 1 zonelists in Node order, mobility grouping on.  Total pages: 257912
[    0.000000] Policy zone: DMA32
[    0.000000] Kernel command line: BOOT_IMAGE=/boot/vmlinuz-4.4.0-174-generic root=LABEL=cloudimg-rootfs ro console=tty1 console=ttyS0
[    0.000000] PID hash table entries: 4096 (order: 3, 32768 bytes)
[    0.000000] Memory: 997672K/1048120K available (8626K kernel code, 1336K rwdata, 4032K rodata, 1488K init, 1292K bss, 50448K reserved, 0K cma-reserved)
[    0.000000] SLUB: HWalign=64, Order=0-3, MinObjects=0, CPUs=2, Nodes=1
[    0.000000] Kernel/User page tables isolation: enabled
[    0.000000] Hierarchical RCU implementation.
[    0.000000] 	Build-time adjustment of leaf fanout to 64.
[    0.000000] 	RCU restricting CPUs from NR_CPUS=512 to nr_cpu_ids=2.
[    0.000000] RCU: Adjusting geometry for rcu_fanout_leaf=64, nr_cpu_ids=2
[    0.000000] NR_IRQS:33024 nr_irqs:440 16
[    0.000000] Console: colour VGA+ 80x25
[    0.000000] console [tty1] enabled
[    0.000000] console [ttyS0] enabled
[    0.000000] tsc: Detected 2712.000 MHz processor
[    0.206651] Calibrating delay loop (skipped) preset value.. 5424.00 BogoMIPS (lpj=10848000)
[    0.210860] pid_max: default: 32768 minimum: 301
[    0.212528] ACPI: Core revision 20150930
[    0.215062] ACPI: 2 ACPI AML tables successfully acquired and loaded
[    0.216557] Security Framework initialized
[    0.217729] Yama: becoming mindful.
[    0.222672] AppArmor: AppArmor initialized
[    0.224996] Dentry cache hash table entries: 131072 (order: 8, 1048576 bytes)
[    0.230158] Inode-cache hash table entries: 65536 (order: 7, 524288 bytes)
[    0.231515] Mount-cache hash table entries: 2048 (order: 2, 16384 bytes)
[    0.232779] Mountpoint-cache hash table entries: 2048 (order: 2, 16384 bytes)
[    0.234190] Initializing cgroup subsys io
[    0.235252] Initializing cgroup subsys memory
[    0.241404] Initializing cgroup subsys devices
[    0.242395] Initializing cgroup subsys freezer
[    0.243567] Initializing cgroup subsys net_cls
[    0.244828] Initializing cgroup subsys perf_event
[    0.245800] Initializing cgroup subsys net_prio
[    0.246668] Initializing cgroup subsys hugetlb
[    0.247599] Initializing cgroup subsys pids
[    0.249909] mce: CPU supports 0 MCE banks
[    0.250888] Last level iTLB entries: 4KB 64, 2MB 8, 4MB 8
[    0.254559] Last level dTLB entries: 4KB 64, 2MB 0, 4MB 0, 1GB 4
[    0.258486] Spectre V1 : Mitigation: usercopy/swapgs barriers and __user pointer sanitization
[    0.260996] Spectre V2 : Mitigation: Full generic retpoline
[    0.262218] Spectre V2 : Spectre v2 / SpectreRSB mitigation: Filling RSB on context switch
[    0.263797] Speculative Store Bypass: Vulnerable
[    0.264769] MDS: Vulnerable: Clear CPU buffers attempted, no microcode
[    0.271113] Freeing SMP alternatives memory: 36K
[    0.281847] ftrace: allocating 32305 entries in 127 pages
[    0.377073] smpboot: APIC(0) Converting physical 0 to logical package 0
[    0.378402] smpboot: Max logical packages: 1
[    0.379589] x2apic enabled
[    0.380437] Switched APIC routing to physical x2apic.
[    0.382526] ..TIMER: vector=0x30 apic1=0 pin1=2 apic2=-1 pin2=-1
[    0.491739] smpboot: CPU0: Intel(R) Core(TM) i5-7200U CPU @ 2.50GHz (family: 0x6, model: 0x8e, stepping: 0x9)
[    0.493830] Performance Events: unsupported p6 CPU model 142 no PMU driver, software events only.
[    0.511274] KVM setup paravirtual spinlock
[    0.512823] x86: Booting SMP configuration:
[    0.513684] .... node  #0, CPUs:      #1
[    0.514892] kvm-clock: cpu 1, msr 0:3ffe3041, secondary cpu clock
[    0.517245] mce: CPU supports 0 MCE banks
[    0.520647] x86: Booted up 1 node, 2 CPUs
[    0.523919] smpboot: Total of 2 processors activated (10848.00 BogoMIPS)
[    0.525571] devtmpfs: initialized
[    0.527644] evm: security.selinux
[    0.528367] evm: security.SMACK64
[    0.529126] evm: security.SMACK64EXEC
[    0.529932] evm: security.SMACK64TRANSMUTE
[    0.530960] evm: security.SMACK64MMAP
[    0.531782] evm: security.ima
[    0.532462] evm: security.capability
[    0.533438] clocksource: jiffies: mask: 0xffffffff max_cycles: 0xffffffff, max_idle_ns: 7645041785100000 ns
[    0.536952] futex hash table entries: 512 (order: 3, 32768 bytes)
[    0.540947] pinctrl core: initialized pinctrl subsystem
[    0.542249] RTC time: 10:27:42, date: 03/12/20
[    0.543373] NET: Registered protocol family 16
[    0.556651] cpuidle: using governor ladder
[    0.569821] cpuidle: using governor menu
[    0.574245] PCCT header not found.
[    0.575503] ACPI: bus type PCI registered
[    0.576622] acpiphp: ACPI Hot Plug PCI Controller Driver version: 0.5
[    0.578194] PCI: Using configuration type 1 for base access
[    0.594242] ACPI: Added _OSI(Module Device)
[    0.595145] ACPI: Added _OSI(Processor Device)
[    0.596011] ACPI: Added _OSI(3.0 _SCP Extensions)
[    0.596929] ACPI: Added _OSI(Processor Aggregator Device)
[    0.599138] ACPI: Executed 1 blocks of module-level executable AML code
[    0.605351] ACPI: Interpreter enabled
[    0.607084] ACPI: (supports S0 S5)
[    0.607958] ACPI: Using IOAPIC for interrupt routing
[    0.609319] PCI: Using host bridge windows from ACPI; if necessary, use "pci=nocrs" and report a bug
[    0.614950] ACPI: PCI Root Bridge [PCI0] (domain 0000 [bus 00-ff])
[    0.616304] acpi PNP0A03:00: _OSC: OS supports [ASPM ClockPM Segments MSI]
[    0.617847] acpi PNP0A03:00: _OSC: not requesting OS control; OS requires [ExtendedConfig ASPM ClockPM MSI]
[    0.624444] acpi PNP0A03:00: fail to add MMCONFIG information, can't access extended PCI configuration space under this bridge.
[    0.627253] PCI host bridge to bus 0000:00
[    0.628149] pci_bus 0000:00: root bus resource [io  0x0000-0x0cf7 window]
[    0.629730] pci_bus 0000:00: root bus resource [io  0x0d00-0xffff window]
[    0.631272] pci_bus 0000:00: root bus resource [mem 0x000a0000-0x000bffff window]
[    0.632932] pci_bus 0000:00: root bus resource [mem 0x40000000-0xfdffffff window]
[    0.634455] pci_bus 0000:00: root bus resource [bus 00-ff]
[    0.641708] pci 0000:00:01.1: legacy IDE quirk: reg 0x10: [io  0x01f0-0x01f7]
[    0.643113] pci 0000:00:01.1: legacy IDE quirk: reg 0x14: [io  0x03f6]
[    0.644448] pci 0000:00:01.1: legacy IDE quirk: reg 0x18: [io  0x0170-0x0177]
[    0.645806] pci 0000:00:01.1: legacy IDE quirk: reg 0x1c: [io  0x0376]
[    0.694814] pci 0000:00:07.0: quirk: [io  0x4000-0x403f] claimed by PIIX4 ACPI
[    0.696287] pci 0000:00:07.0: quirk: [io  0x4100-0x410f] claimed by PIIX4 SMB
[    0.717965] ACPI: PCI Interrupt Link [LNKA] (IRQs 5 9 10 *11)
[    0.724305] ACPI: PCI Interrupt Link [LNKB] (IRQs 5 9 *10 11)
[    0.725762] ACPI: PCI Interrupt Link [LNKC] (IRQs 5 *9 10 11)
[    0.727326] ACPI: PCI Interrupt Link [LNKD] (IRQs 5 9 10 *11)
[    0.728874] ACPI: Enabled 2 GPEs in block 00 to 07
[    0.730253] vgaarb: setting as boot device: PCI:0000:00:02.0
[    0.731593] vgaarb: device added: PCI:0000:00:02.0,decodes=io+mem,owns=io+mem,locks=none
[    0.733198] vgaarb: loaded
[    0.733849] vgaarb: bridge control possible 0000:00:02.0
[    0.736746] SCSI subsystem initialized
[    0.740599] ACPI: bus type USB registered
[    0.741410] usbcore: registered new interface driver usbfs
[    0.742444] usbcore: registered new interface driver hub
[    0.743416] usbcore: registered new device driver usb
[    0.744564] PCI: Using ACPI for IRQ routing
[    0.748729] NetLabel: Initializing
[    0.749812] NetLabel:  domain hash size = 128
[    0.750697] NetLabel:  protocols = UNLABELED CIPSOv4
[    0.752656] NetLabel:  unlabeled traffic allowed by default
[    0.756888] amd_nb: Cannot enumerate AMD northbridges
[    0.758240] clocksource: Switched to clocksource kvm-clock
[    0.774417] AppArmor: AppArmor Filesystem Enabled
[    0.775413] pnp: PnP ACPI init
[    0.776891] pnp: PnP ACPI: found 3 devices
[    0.787150] clocksource: acpi_pm: mask: 0xffffff max_cycles: 0xffffff, max_idle_ns: 2085701024 ns
[    0.791388] NET: Registered protocol family 2
[    0.797870] TCP established hash table entries: 8192 (order: 4, 65536 bytes)
[    0.799610] TCP bind hash table entries: 8192 (order: 5, 131072 bytes)
[    0.800771] TCP: Hash tables configured (established 8192 bind 8192)
[    0.804917] UDP hash table entries: 512 (order: 2, 16384 bytes)
[    0.807425] UDP-Lite hash table entries: 512 (order: 2, 16384 bytes)
[    0.808591] NET: Registered protocol family 1
[    0.809611] pci 0000:00:00.0: Limiting direct PCI/PCI transfers
[    0.810715] pci 0000:00:01.0: Activating ISA DMA hang workarounds
[    0.811958] Unpacking initramfs...
[    1.162475] Freeing initrd memory: 14880K
[    1.163661] clocksource: tsc: mask: 0xffffffffffffffff max_cycles: 0x2717868ea45, max_idle_ns: 440795316085 ns
[    1.166055] platform rtc_cmos: registered platform RTC device (no PNP device found)
[    1.167655] Scanning for low memory corruption every 60 seconds
[    1.173387] audit: initializing netlink subsys (disabled)
[    1.174419] audit: type=2000 audit(1584008868.281:1): initialized
[    1.176051] Initialise system trusted keyring
[    1.177043] HugeTLB registered 2 MB page size, pre-allocated 0 pages
[    1.179413] zbud: loaded
[    1.180492] VFS: Disk quotas dquot_6.6.0
[    1.186224] VFS: Dquot-cache hash table entries: 512 (order 0, 4096 bytes)
[    1.190971] squashfs: version 4.0 (2009/01/31) Phillip Lougher
[    1.192578] fuse init (API version 7.23)
[    1.193495] Key type big_key registered
[    1.194271] Allocating IMA MOK and blacklist keyrings.
[    1.196054] Key type asymmetric registered
[    1.197013] Asymmetric key parser 'x509' registered
[    1.198306] Block layer SCSI generic (bsg) driver version 0.4 loaded (major 249)
[    1.200028] io scheduler noop registered
[    1.200826] io scheduler deadline registered (default)
[    1.203644] io scheduler cfq registered
[    1.207558] pci_hotplug: PCI Hot Plug PCI Core version: 0.5
[    1.209819] pciehp: PCI Express Hot Plug Controller Driver version: 0.4
[    1.211564] ACPI: AC Adapter [AC] (on-line)
[    1.212733] input: Power Button as /devices/LNXSYSTM:00/LNXPWRBN:00/input/input0
[    1.214931] ACPI: Power Button [PWRF]
[    1.215939] input: Sleep Button as /devices/LNXSYSTM:00/LNXSLPBN:00/input/input1
[    1.217367] ACPI: Sleep Button [SLPF]
[    1.223495] GHES: HEST is not enabled!
[    1.225369] ACPI: Battery Slot [BAT0] (battery present)
[    1.226685] Serial: 8250/16550 driver, 32 ports, IRQ sharing enabled
[    1.248877] 00:02: ttyS0 at I/O 0x3f8 (irq = 4, base_baud = 115200) is a 16550A
[    1.251647] Linux agpgart interface v0.103
[    1.258378] loop: module loaded
[    1.259898] scsi host0: ata_piix
[    1.260713] scsi host1: ata_piix
[    1.261423] ata1: PATA max UDMA/33 cmd 0x1f0 ctl 0x3f6 bmdma 0xd000 irq 14
[    1.262611] ata2: PATA max UDMA/33 cmd 0x170 ctl 0x376 bmdma 0xd008 irq 15
[    1.264338] libphy: Fixed MDIO Bus: probed
[    1.265541] tun: Universal TUN/TAP device driver, 1.6
[    1.266527] tun: (C) 1999-2004 Max Krasnyansky <maxk@qualcomm.com>
[    1.267789] PPP generic driver version 2.4.2
[    1.272868] ehci_hcd: USB 2.0 'Enhanced' Host Controller (EHCI) Driver
[    1.274557] ehci-pci: EHCI PCI platform driver
[    1.275638] ehci-platform: EHCI generic platform driver
[    1.276620] ohci_hcd: USB 1.1 'Open' Host Controller (OHCI) Driver
[    1.277718] ohci-pci: OHCI PCI platform driver
[    1.278580] ohci-platform: OHCI generic platform driver
[    1.279815] uhci_hcd: USB Universal Host Controller Interface driver
[    1.281355] i8042: PNP: PS/2 Controller [PNP0303:PS2K,PNP0f03:PS2M] at 0x60,0x64 irq 1,12
[    1.283596] serio: i8042 KBD port at 0x60,0x64 irq 1
[    1.284527] serio: i8042 AUX port at 0x60,0x64 irq 12
[    1.289830] mousedev: PS/2 mouse device common for all mice
[    1.291891] input: AT Translated Set 2 keyboard as /devices/platform/i8042/serio0/input/input2
[    1.293923] rtc_cmos rtc_cmos: rtc core: registered rtc_cmos as rtc0
[    1.295133] rtc_cmos rtc_cmos: alarms up to one day, 114 bytes nvram
[    1.298901] i2c /dev entries driver
[    1.299715] device-mapper: uevent: version 1.0.3
[    1.300827] device-mapper: ioctl: 4.34.0-ioctl (2015-10-28) initialised: dm-devel@redhat.com
[    1.306756] ledtrig-cpu: registered to indicate activity on CPUs
[    1.308486] NET: Registered protocol family 10
[    1.309716] NET: Registered protocol family 17
[    1.310624] Key type dns_resolver registered
[    1.311677] registered taskstats version 1
[    1.312500] Loading compiled-in X.509 certificates
[    1.313958] Loaded X.509 cert 'Build time autogenerated kernel key: 2501974cc66248a18f8fa54aaac948a5171f77fb'
[    1.316160] zswap: loaded using pool lzo/zbud
[    1.323656] Key type trusted registered
[    1.327866] Key type encrypted registered
[    1.328719] AppArmor: AppArmor sha1 policy hashing enabled
[    1.329849] ima: No TPM chip found, activating TPM-bypass!
[    1.331269] ima: Allocated hash algorithm: sha1
[    1.332292] evm: HMAC attrs: 0x1
[    1.333358]   Magic number: 12:866:476
[    1.334209] rtc_cmos rtc_cmos: setting system clock to 2020-03-12 10:27:43 UTC (1584008863)
[    1.340189] BIOS EDD facility v0.16 2004-Jun-25, 0 devices found
[    1.341519] EDD information not available.
[    1.448563] Freeing unused kernel memory: 1488K
[    1.449685] Write protecting the kernel read-only data: 14336k
[    1.451157] Freeing unused kernel memory: 1604K
[    1.456463] Freeing unused kernel memory: 64K
Loading, please wait...
starting version 229
[    1.476516] random: systemd-udevd: uninitialized urandom read (16 bytes read, 3 bits of entropy available)
[    1.477233] random: udevadm: uninitialized urandom read (16 bytes read, 3 bits of entropy available)
[    1.477252] random: udevadm: uninitialized urandom read (16 bytes read, 3 bits of entropy available)
[    1.483665] random: systemd-udevd: uninitialized urandom read (16 bytes read, 3 bits of entropy available)
[    1.487980] random: udevadm: uninitialized urandom read (16 bytes read, 3 bits of entropy available)
[    1.488652] random: udevadm: uninitialized urandom read (16 bytes read, 3 bits of entropy available)
[    1.490394] random: udevadm: uninitialized urandom read (16 bytes read, 3 bits of entropy available)
[    1.490539] random: udevadm: uninitialized urandom read (16 bytes read, 3 bits of entropy available)
[    1.490611] random: udevadm: uninitialized urandom read (16 bytes read, 3 bits of entropy available)
[    1.490673] random: udevadm: uninitialized urandom read (16 bytes read, 3 bits of entropy available)
[    1.550609] e1000: Intel(R) PRO/1000 Network Driver - version 7.3.21-k8-NAPI
[    1.555581] e1000: Copyright (c) 1999-2006 Intel Corporation.
[    1.560245] Fusion MPT base driver 3.04.20
[    1.561226] Copyright (c) 1999-2008 LSI Corporation
[    1.573812] Fusion MPT SPI Host driver 3.04.20
[    1.597947] AVX2 version of gcm_enc/dec engaged.
[    1.599793] AES CTR mode by8 optimization enabled
[    1.767641] input: ImExPS/2 Generic Explorer Mouse as /devices/platform/i8042/serio1/input/input4
[    2.053921] e1000 0000:00:03.0 eth0: (PCI:33MHz:32-bit) 02:1b:c5:10:6b:e2
[    2.057064] e1000 0000:00:03.0 eth0: Intel(R) PRO/1000 Network Connection
[    2.059291] mptbase: ioc0: Initiating bringup
[    2.123192] ioc0: LSI53C1030 A0: Capabilities={Initiator}
[    2.291241] scsi host2: ioc0: LSI53C1030 A0, FwRev=00000000h, Ports=1, MaxQ=256, IRQ=20
[    2.407276] scsi 2:0:0:0: Direct-Access     VBOX     HARDDISK         1.0  PQ: 0 ANSI: 5
[    2.409597] scsi target2:0:0: Beginning Domain Validation
[    2.413006] scsi target2:0:0: Domain Validation skipping write tests
[    2.421164] scsi target2:0:0: Ending Domain Validation
[    2.425343] scsi target2:0:0: asynchronous
[    2.427956] scsi 2:0:1:0: Direct-Access     VBOX     HARDDISK         1.0  PQ: 0 ANSI: 5
[    2.429677] scsi target2:0:1: Beginning Domain Validation
[    2.432810] scsi target2:0:1: Domain Validation skipping write tests
[    2.433971] scsi target2:0:1: Ending Domain Validation
[    2.438360] scsi target2:0:1: asynchronous
[    2.457339] sd 2:0:0:0: Attached scsi generic sg0 type 0
[    2.474375] sd 2:0:0:0: [sda] 20971520 512-byte logical blocks: (10.7 GB/10.0 GiB)
[    2.477164] sd 2:0:0:0: [sda] Write Protect is off
[    2.478566] sd 2:0:0:0: [sda] Incomplete mode parameter data
[    2.480016] sd 2:0:0:0: [sda] Assuming drive cache: write through
[    2.482884] sd 2:0:1:0: [sdb] 20480 512-byte logical blocks: (10.5 MB/10.0 MiB)
[    2.486687] sd 2:0:1:0: [sdb] Write Protect is off
[    2.493134] sd 2:0:1:0: Attached scsi generic sg1 type 0
[    2.495762] sd 2:0:1:0: [sdb] Incomplete mode parameter data
[    2.497243] sd 2:0:1:0: [sdb] Assuming drive cache: write through
[    2.498655]  sda: sda1
[    2.500124] sd 2:0:0:0: [sda] Attached SCSI disk
[    2.509116] sd 2:0:1:0: [sdb] Attached SCSI disk
[    2.882437] e1000 0000:00:08.0 eth1: (PCI:33MHz:32-bit) 08:00:27:7d:47:94
[    2.883729] e1000 0000:00:08.0 eth1: Intel(R) PRO/1000 Network Connection
[    2.890502] e1000 0000:00:03.0 enp0s3: renamed from eth0
[    2.904290] e1000 0000:00:08.0 enp0s8: renamed from eth1
Begin: Loading essential drivers ... [    4.443098] md: linear personality registered for level -1
[    4.447418] md: multipath personality registered for level -4
[    4.456536] md: raid0 personality registered for level 0
[    4.462185] md: raid1 personality registered for level 1
[    4.539361] raid6: sse2x1   gen()  6715 MB/s
[    4.606381] raid6: sse2x1   xor()  5397 MB/s
[    4.674722] raid6: sse2x2   gen()  7841 MB/s
[    4.742551] raid6: sse2x2   xor()  5869 MB/s
[    4.810468] raid6: sse2x4   gen()  8939 MB/s
[    4.878579] raid6: sse2x4   xor()  5848 MB/s
[    4.947059] raid6: avx2x1   gen() 12320 MB/s
[    5.014258] raid6: avx2x2   gen() 13965 MB/s
[    5.082683] raid6: avx2x4   gen() 15193 MB/s
[    5.083752] raid6: using algorithm avx2x4 gen() 15193 MB/s
[    5.089523] raid6: using avx2x2 recovery algorithm
[    5.092560] xor: automatically using best checksumming function:
[    5.130290]    avx       : 19507.000 MB/sec
[    5.132765] async_tx: api initialized (async)
[    5.156600] md: raid6 personality registered for level 6
[    5.157914] md: raid5 personality registered for level 5
[    5.160066] md: raid4 personality registered for level 4
[    5.173531] md: raid10 personality registered for level 10
done.
Begin: Running /scripts/init-premount ... done.
Begin: Mounting root file system ... Begin: Running /scripts/local-top ... done.
Begin: Running /scripts/local-premount ... [    5.225441] Btrfs loaded
Scanning for Btrfs filesystems
done.
Warning: fsck not present, so skipping root file system
[    5.282239] EXT4-fs (sda1): mounted filesystem with ordered data mode. Opts: (null)
done.
Begin: Running /scripts/local-bottom ... done.
Begin: Running /scripts/init-bottom ... done.
[    5.449197] systemd[1]: systemd 229 running in system mode. (+PAM +AUDIT +SELINUX +IMA +APPARMOR +SMACK +SYSVINIT +UTMP +LIBCRYPTSETUP +GCRYPT +GNUTLS +ACL +XZ -LZ4 +SECCOMP +BLKID +ELFUTILS +KMOD -IDN)
[    5.457466] systemd[1]: Detected virtualization oracle.
[    5.458442] systemd[1]: Detected architecture x86-64.

Welcome to [1mUbuntu 16.04.6 LTS[0m!

[    5.463079] systemd[1]: Set hostname to <ubuntu>.
[    5.467098] systemd[1]: Initializing machine ID from random generator.
[    5.473253] systemd[1]: Installed transient /etc/machine-id file.
[    5.696027] systemd[1]: Created slice User and Session Slice.
[[0;32m  OK  [0m] Created slice User and Session Slice.
[    5.698658] systemd[1]: Listening on Device-mapper event daemon FIFOs.
[[0;32m  OK  [0m] Listening on Device-mapper event daemon FIFOs.
[    5.706525] systemd[1]: Reached target Swap.
[[0;32m  OK  [0m] Reached target Swap.
[    5.709729] systemd[1]: Started Forward Password Requests to Wall Directory Watch.
[[0;32m  OK  [0m] Started Forward Password Requests to Wall Directory Watch.
[    5.713359] systemd[1]: Listening on LVM2 metadata daemon socket.
[[0;32m  OK  [0m] Listening on LVM2 metadata daemon socket.
[    5.715600] systemd[1]: Reached target System Time Synchronized.
[[0;32m  OK  [0m] Reached target System Time Synchronized.
[    5.722713] systemd[1]: Listening on LVM2 poll daemon socket.
[[0;32m  OK  [0m] Listening on LVM2 poll daemon socket.
[    5.726265] systemd[1]: Created slice System Slice.
[[0;32m  OK  [0m] Created slice System Slice.
[    5.729034] systemd[1]: Created slice system-serial\x2dgetty.slice.
[[0;32m  OK  [0m] Created slice system-serial\x2dgetty.slice.
[    5.731232] systemd[1]: Listening on Journal Audit Socket.
[[0;32m  OK  [0m] Listening on Journal Audit Socket.
[    5.733235] systemd[1]: Reached target Slices.
[[0;32m  OK  [0m] Reached target Slices.
[    5.741095] systemd[1]: Started Trigger resolvconf update for networkd DNS.
[[0;32m  OK  [0m] Started Trigger resolvconf update for networkd DNS.
[    5.745005] systemd[1]: Listening on udev Kernel Socket.
[[0;32m  OK  [0m] Listening on udev Kernel Socket.
[    5.746966] systemd[1]: Reached target Encrypted Volumes.
[[0;32m  OK  [0m] Reached target Encrypted Volumes.
[    5.748988] systemd[1]: Listening on Journal Socket.
[[0;32m  OK  [0m] Listening on Journal Socket.
[    5.766341] systemd[1]: Mounting POSIX Message Queue File System...
         Mounting POSIX Message Queue File System...
[    5.774230] systemd[1]: Starting Uncomplicated firewall...
         Starting Uncomplicated firewall...
[    5.778819] systemd[1]: Mounting Debug File System...
         Mounting Debug File System...
[    5.781460] systemd[1]: Starting Monitoring of LVM2 mirrors, snapshots etc. using dmeventd or progress polling...
         Starting Monitoring of LVM2 mirrors... dmeventd or progress polling...
[    5.793163] systemd[1]: Starting Set console keymap...
         Starting Set console keymap...
[    5.800392] systemd[1]: Starting Remount Root and Kernel File Systems...
         Starting Remount Root and Kernel File Systems...
[    5.811256] systemd[1]: Starting Create list of required static device nodes for the current kernel...
         Startin[    5.813706] EXT4-fs (sda1): re-mounted. Opts: (null)
g Create list of required st... nodes for the current kernel...
[    5.816236] systemd[1]: Starting Nameserver information manager...
         Starting Nameserver information manager...
[    5.828625] systemd[1]: Starting Load Kernel Modules...
         Starting Load Kernel Modules...
[    5.830603] systemd[1]: Reached target User and Group Name Lookups.
[[0;32m  OK  [0m] Reached target User and Group Name Lookups.
[    5.833278] systemd[1]: Set up automount Arbitrary Executable File Formats File System Automount Point.
[[0;32m  OK  [0m] Set up automount Arbitrary Executab...ats File System Automount Point.
[    5.845412] systemd[1]: Listening on Syslog Socket.
[[0;32m  OK  [0m] Listening on Syslog Socket.
[    5.847487] systemd[1]: Listening on udev Control Socket.
[[0;32m  OK  [0m] Listening on udev Control Socket.
[    5.850151] systemd[1]: Mounting Huge Pages File System...

    5.855528] Loading iSCSI transport class v2.0-870.
         Mounting Huge Pages File System...
[    5.857347] systemd[1]: Listening on Journal Socket (/dev/log).
[[0;32m  OK  [0m] Listening on Journal Socket (/dev/log).
[    5.861502] systemd[1]: Starting Journal Service...
         Starting Journal Service...
[    5.865478] systemd[1]: Listening on /dev/initctl Compatibility Named Pipe.
[[0;32m  OK  [0m] Listening on /dev/initctl Compatibility Named Pipe.
[    5.876355] systemd[1]: Mounted Debug File System.
[[0;32m  OK  [0m] Mounted Debug File System.
[    5.879499] systemd[1]: Mounted POSIX Message Queue File System.
[[0;32m  OK  [0m] Mounted POSIX Message Queue File System.
[    5.881862] systemd[1]: Mounted Huge Pages File System.
[[0;32m  OK  [0m] Mounted Huge Pages File System.
[    5.890341] systemd[1]: Started Uncomplicated firewall.
[    5.893859] iscsi: registered transport (tcp)
[[0;32m  OK  [0m] Started Uncomplicated firewall.
[    5.897446] systemd[1]: Started Remount Root and Kernel File Systems.
[[0;32m  OK  [0m] Started Remount Root and Kernel File Systems.
[    5.900219] systemd[1]: Started Create list of required static device nodes for the current kernel.
[[0;32m  OK  [0m] Started Create list of required sta...ce nodes for the current kernel.
[    5.940600] systemd[1]: Started Set console keymap.
[[0;32m  OK  [0m] Started Set console keymap.
[    5.948511] systemd[1]: Started Nameserver information manager.
[[0;32m  OK  [0m] Started Nameserver information manager.
[    5.957648] systemd[1]: Started Journal Service.
[[0;32m  OK  [0m] Started Journal Service.
[    5.976124] iscsi: registered transport (iser)
[[0;32m  OK  [0m] Started LVM2 metadata daemon.
         Starting Create Static Device Nodes in /dev...
         Starting Load/Save Random Seed...
         Starting Flush Journal to Persistent Storage...
         Starting udev Coldplug all Devices...
[[0;32m  OK  [0m] Started Load Kernel Modules.
[[0;32m  OK  [0m] Started Load/Save Random Seed.
         Starting Apply Kernel Variables...[    6.015984] random: nonblocking pool is initialized

         Mounting FUSE Control File System...
[[0;32m  OK  [0m] Mounted FUSE Control File System.
[    6.035972] systemd-journald[402]: Received request to flush runtime journal from PID 1
[[0;32m  OK  [0m] Started Flush Journal to Persistent Storage.
[[0;32m  OK  [0m] Started Create Static Device Nodes in /dev.
[[0;32m  OK  [0m] Started Apply Kernel Variables.
         Starting udev Kernel Device Manager...
[[0;32m  OK  [0m] Started udev Coldplug all Devices.
[[0;32m  OK  [0m] Started Monitoring of LVM2 mirrors,...ng dmeventd or progress polling.
[[0;32m  OK  [0m] Started udev Kernel Device Manager.
[[0;32m  OK  [0m] Started Dispatch Password Requests to Console Directory Watch.
[[0;32m  OK  [0m] Reached target Local File Systems (Pre).
[[0;32m  OK  [0m] Reached target Local File Systems.
         Starting Initial cloud-init job (pre-networking)...
         Starting Commit a transient machine-id on disk...
         Starting LSB: AppArmor initialization...
         Starting Create Volatile Files and Directories...
         Starting Tell Plymouth To Write Out Runtime Data...
         Starting Set console font and keymap...
[[0;32m  OK  [0m] Started Tell Plymouth To Write Out Runtime Data.
[[0;32m  OK  [0m] Started Commit a transient machine-id on disk.
[[0;32m  OK  [0m] Started Create Volatile Files and Directories.
         Starting Update UTMP about System Boot/Shutdown...
[[0;32m  OK  [0m] Started Update UTMP about System Boot/Shutdown.
[[0;32m  OK  [0m] Found device /dev/ttyS0.
[[0;32m  OK  [0m] Listening on Load/Save RF Kill Switch Status /dev/rfkill Watch.
[[0;32m  OK  [0m] Started LSB: AppArmor initialization.
[    8.591461] cloud-init[485]: Cloud-init v. 19.4-33-gbb4131a2-0ubuntu1~16.04.1 running 'init-local' at Thu, 12 Mar 2020 10:27:50 +0000. Up 7.77 seconds.
[[0;32m  OK  [0m] Started Initial cloud-init job (pre-networking).
[[0;32m  OK  [0m] Reached target Network (Pre).
         Starting Raise network interfaces...
[[0;32m  OK  [0m] Started Set console font and keymap.
[[0;32m  OK  [0m] Created slice system-getty.slice.
[[0;32m  OK  [0m] Started Raise network interfaces.
         Starting Initial cloud-init job (metadata service crawler)...
[[0;32m  OK  [0m] Reached target Network.
[   11.203073] cloud-init[971]: Cloud-init v. 19.4-33-gbb4131a2-0ubuntu1~16.04.1 running 'init' at Thu, 12 Mar 2020 10:27:52 +0000. Up 10.37 seconds.
[   11.205233] cloud-init[971]: ci-info: ++++++++++++++++++++++++++++++++++++++Net device info+++++++++++++++++++++++++++++++++++++++
[   11.207248] cloud-init[971]: ci-info: +--------+-------+----------------------------+---------------+--------+-------------------+
[   11.209548] cloud-init[971]: ci-info: | Device |   Up  |          Address           |      Mask     | Scope  |     Hw-Address    |
[   11.211598] cloud-init[971]: ci-info: +--------+-------+----------------------------+---------------+--------+-------------------+
[   11.218051] cloud-init[971]: ci-info: | enp0s3 |  True |         10.0.2.15          | 255.255.255.0 | global | 02:1b:c5:10:6b:e2 |
[   11.221177] cloud-init[971]: ci-info: | enp0s3 |  True | fe80::1b:c5ff:fe10:6be2/64 |       .       |  link  | 02:1b:c5:10:6b:e2 |
[   11.223201] cloud-init[971]: ci-info: | enp0s8 | False |             .              |       .       |   .    | 08:00:27:7d:47:94 |
[   11.226859] cloud-init[971]: ci-info: |   lo   |  True |         127.0.0.1          |   255.0.0.0   |  host  |         .         |
[   11.232612] cloud-init[971]: ci-info: |   lo   |  True |          ::1/128           |       .       |  host  |         .         |
[   11.235599] cloud-init[971]: ci-info: +--------+-------+----------------------------+---------------+--------+-------------------+
[   11.238082] cloud-init[971]: ci-info: +++++++++++++++++++++++++++Route IPv4 info++++++++++++++++++++++++++++
[   11.240281] cloud-init[971]: ci-info: +-------+-------------+----------+---------------+-----------+-------+
[   11.242742] cloud-init[971]: ci-info: | Route | Destination | Gateway  |    Genmask    | Interface | Flags |
[   11.245106] cloud-init[971]: ci-info: +-------+-------------+----------+---------------+-----------+-------+
[   11.249139] cloud-init[971]: ci-info: |   0   |   0.0.0.0   | 10.0.2.2 |    0.0.0.0    |   enp0s3  |   UG  |
[   11.253913] cloud-init[971]: ci-info: |   1   |   10.0.2.0  | 0.0.0.0  | 255.255.255.0 |   enp0s3  |   U   |
[   11.255957] cloud-init[971]: ci-info: +-------+-------------+----------+---------------+-----------+-------+
[   11.257855] cloud-init[971]: ci-info: +++++++++++++++++++Route IPv6 info+++++++++++++++++++
[   11.269298] cloud-init[971]: ci-info: +-------+-------------+---------+-----------+-------+
[   11.273279] cloud-init[971]: ci-info: | Route | Destination | Gateway | Interface | Flags |
[   11.274777] cloud-init[971]: ci-info: +-------+-------------+---------+-----------+-------+
[   11.288842] cloud-init[971]: ci-info: |   0   |  fe80::/64  |    ::   |   enp0s3  |   U   |
[   11.290576] cloud-init[971]: ci-info: |   3   |   ff00::/8  |    ::   |   enp0s3  |   U   |
[   11.292184] cloud-init[971]: ci-info: +-------+-------------+---------+-----------+-------+
[   11.293545] cloud-init[971]: Generating public/private rsa key pair.
[   11.294757] cloud-init[971]: Your identification has been saved in /etc/ssh/ssh_host_rsa_key.
[   11.301573] cloud-init[971]: Your public key has been saved in /etc/ssh/ssh_host_rsa_key.pub.
[   11.303529] cloud-init[971]: The key fingerprint is:
[   11.305526] cloud-init[971]: SHA256:NxBaCGXeCnTJZ2lCBq8Z3dR+2SE849bMpcU/iJOC/ZE root@ubuntu-xenial
[   11.307641] cloud-init[971]: The key's randomart image is:
[   11.309020] cloud-init[971]: +---[RSA 2048]----+
[   11.318781] cloud-init[971]: |    +**o+o .   . |
[   11.320356] cloud-init[971]: |   . B=*=.. = . +|
[   11.333437] cloud-init[971]: |    o ==*. .+X.=.|
[   11.336194] cloud-init[971]: |     = o +.E=.*..|
[   11.338160] cloud-init[971]: |    o . S =oo   .|
[   11.340356] cloud-init[971]: |         . o     |
[   11.341784] cloud-init[971]: |                 |
[   11.343792] cloud-init[971]: |                 |
[   11.345647] cloud-init[971]: |                 |
[   11.352365] cloud-init[971]: +----[SHA256]-----+
[   11.354246] cloud-init[971]: Generating public/private dsa key pair.
[   11.355727] cloud-init[971]: Your identification has been saved in /etc/ssh/ssh_host_dsa_key.
[   11.357432] cloud-init[971]: Your public key has been saved in /etc/ssh/ssh_host_dsa_key.pub.
[   11.360043] cloud-init[971]: The key fingerprint is:
[   11.361336] cloud-init[971]: SHA256:QFbwbY4fCSrIFZH1vFGxkZncp8owTQTMKdGOSsV40pg root@ubuntu-xenial
[   11.368871] cloud-init[971]: The key's randomart image is:
[   11.372136] cloud-init[971]: +---[DSA 1024]----+
[   11.373788] cloud-init[971]: |    oX*Bo==*     |
[   11.374861] cloud-init[971]: |    E+*+=o*o. .  |
[   11.375896] cloud-init[971]: |    .+.+*o+  o   |
[   11.376886] cloud-init[971]: | . o. .o+B...    |
[   11.377800] cloud-init[971]: |  o.... S++.     |
[   11.378717] cloud-init[971]: |    ..   .o.     |
[   11.385136] cloud-init[971]: |          .      |
[   11.386899] cloud-init[971]: |                 |
[   11.388268] cloud-init[971]: |                 |
[   11.390248] cloud-init[971]: +----[SHA256]-----+
[   11.391292] cloud-init[971]: Generating public/private ecdsa key pair.
[   11.392493] cloud-init[971]: Your identification has been saved in /etc/ssh/ssh_host_ecdsa_key.
[   11.393936] cloud-init[971]: Your public key has been saved in /etc/ssh/ssh_host_ecdsa_key.pub.
[   11.395386] cloud-init[971]: The key fingerprint is:
[   11.401213] cloud-init[971]: SHA256:jP8H+s1rLSlc+3xqNWeR6UI1LlCJSjMrFkIPMg1xric root@ubuntu-xenial
[   11.402925] cloud-init[971]: The key's randomart image is:
[   11.404567] cloud-init[971]: +---[ECDSA 256]---+
[   11.406058] cloud-init[971]: |   ==+      o..  |
[   11.407339] cloud-init[971]: |    =oo. + o . o |
[   11.409773] cloud-init[971]: |     ...o = . o +|
[   11.419889] cloud-init[971]: |    .  = o   o = |
[   11.421672] cloud-init[971]: |   E .o S   . o .|
[   11.423085] cloud-init[971]: |    o  .  . .. o+|
[   11.424347] cloud-init[971]: |        .o o +.oo|
[[0;32m  OK  [0m] Started Initial cloud-init job (metadata service crawler).
[[0;32m  OK  [0m] Reached target System Initialization.
[[0;32m  OK  [0m] Listening on D-Bus System Message Bus Socket.
[[0;32m  OK  [0m] Listening on UUID daemon activation socket.
[   11.426158] cloud-init[971]: |        ..oo*.o .|
[   11.434859] cloud-init[971]: |         .o++=+o |
         Starting LXD - unix socket.
[[0;32m  OK  [0m] Started Message of the Day.
[   11.437133] cloud-init[971]: +----[SHA256]-----+
[   11.440783] cloud-init[971]: Generating public/private ed25519 key pair.
[   11.441345] cloud-init[971]: Your identification has been saved in /etc/ssh/ssh_host_ed25519_key.
[   11.441805] cloud-init[971]: Your public key has been saved in /etc/ssh/ssh_host_ed25519_key.pub.
[   11.442250] cloud-init[971]: The key fingerprint is:
[   11.442992] cloud-init[971]: SHA256:wNTMM7fWvttTTBFX4UWAg4DulbzKz5ZYUB+BIXnWX7A root@ubuntu-xenial
[   11.443348] cloud-init[971]: The key's randomart image is:
[   11.443829] cloud-init[971]: +--[ED25519 256]--+
         Starting Socket activation for snappy daemon.
[   11.451340] cloud-init[971]: |      o*o=.o.o.=O|
[   11.470340] cloud-init[971]: |     oo.@ = o.o.o|
[   11.489877] cloud-init[971]: |     .o= * =Eo ..|
[   11.490427] cloud-init[971]: |      o.+ + o   .|
[   11.491412] cloud-init[971]: |     . oSo .   o |
[   11.492815] cloud-init[971]: |      . o   .   o|
[   11.500691] cloud-init[971]: |     . + .   . . |
[   11.500762] cloud-init[971]: |      +.o   ...  |
[   11.500818] cloud-init[971]: |       oo   .... |
[   11.500875] cloud-init[971]: +----[SHA256]-----+
[[0;32m  OK  [0m] Started Daily apt download activities.
[[0;32m  OK  [0m] Listening on ACPID Listen Socket.
[[0;32m  OK  [0m] Started ACPI Events Check.
[[0;32m  OK  [0m] Reached target Paths.
[[0;32m  OK  [0m] Started Daily apt upgrade and clean activities.
[[0;32m  OK  [0m] Started Daily Cleanup of Temporary Directories.
[[0;32m  OK  [0m] Reached target Timers.
[[0;32m  OK  [0m] Reached target Network is Online.
         Starting iSCSI initiator daemon (iscsid)...
[[0;32m  OK  [0m] Reached target Cloud-config availability.
[[0;32m  OK  [0m] Listening on LXD - unix socket.
[[0;32m  OK  [0m] Listening on Socket activation for snappy daemon.
[[0;32m  OK  [0m] Reached target Sockets.
[[0;32m  OK  [0m] Reached target Basic System.
[[0;32m  OK  [0m] Started Deferred execution scheduler.
         Starting /etc/rc.local Compatibility...
[[0;32m  OK  [0m] Started D-Bus System Message Bus.
         Starting LXD - container startup/shutdown...
         Starting Virtualbox guest utils...
[[0;32m  OK  [0m] Started Regular background program processing daemon.
         Starting Snappy daemon...
         Starting LSB: MD monitoring daemon...
[[0;32m  OK  [0m] Started ACPI event daemon.
         Starting LSB: Record successful boot for GRUB...
         Starting Login Service...
         Starting Pollinate to seed the pseudo random number generator...
         Starting System Logging Service...
         Starting Accounts Service...
[[0;32m  OK  [0m] Started FUSE filesystem for LXC.
[[0;32m  OK  [0m] Started /etc/rc.local Compatibility.
[[0;32m  OK  [0m] Started Login Service.
[[0;32m  OK  [0m] Started Unattended Upgrades Shutdown.
[[0;32m  OK  [0m] Started iSCSI initiator daemon (iscsid).
         Starting Login to default iSCSI targets...
[[0;32m  OK  [0m] Started LSB: Record successful boot for GRUB.
[[0;32m  OK  [0m] Started LSB: MD monitoring daemon.
[[0;32m  OK  [0m] Started System Logging Service.
[[0;32m  OK  [0m] Started Login to default iSCSI targets.
[[0;32m  OK  [0m] Reached target Remote File Systems (Pre).
[[0;32m  OK  [0m] Reached target Remote File Systems.
         Starting LSB: automatic crash report generation...
         Starting LSB: Set the CPU Frequency Scaling governor to "ondemand"...
         Starting LSB: daemon to balance interrupts for SMP systems...
         Starting Permit User Sessions...
[[0;32m  OK  [0m] Started Permit User Sessions.
         Starting Hold until boot process finishes up...
         Starting Terminate Plymouth Boot Screen...
[[0;32m  OK  [0m] Started Hold until boot process finishes up.
         Starting Authenticate and Authorize Users to Run Privileged Tasks...
[[0;32m  OK  [0m] Started Serial Getty on ttyS0.
[[0;32m  OK  [0m] Started Getty on tty1.
[[0;32m  OK  [0m] Reached target Login Prompts.
         Starting Set console scheme...
[[0;32m  OK  [0m] Started Terminate Plymouth Boot Screen.
[[0;32m  OK  [0m] Started LSB: automatic crash report generation.
[[0;32m  OK  [0m] Started Set console scheme.
[[0;32m  OK  [0m] Started Virtualbox guest utils.
[[0;32m  OK  [0m] Started LSB: Set the CPU Frequency Scaling governor to "ondemand".
[[0;32m  OK  [0m] Started LXD - container startup/shutdown.
[[0;32m  OK  [0m] Started LSB: daemon to balance interrupts for SMP systems.
[[0;32m  OK  [0m] Started Authenticate and Authorize Users to Run Privileged Tasks.
[[0;32m  OK  [0m] Started Accounts Service.
[[0;32m  OK  [0m] Started Snappy daemon.
         Starting Wait until snapd is fully seeded...
[[0;32m  OK  [0m] Started Pollinate to seed the pseudo random number generator.
         Starting OpenBSD Secure Shell server...
[[0;32m  OK  [0m] Started OpenBSD Secure Shell server.
[[0;32m  OK  [0m] Created slice User Slice of vagrant.
         Starting User Manager for UID 1000...
[[0;32m  OK  [0m] Started Session 1 of user vagrant.
[[0;32m  OK  [0m] Started User Manager for UID 1000.
[[0;32m  OK  [0m] Started Wait until snapd is fully seeded.
         Starting Apply the settings specified in cloud-config...
[[0;32m  OK  [0m] Reached target Multi-User System.
[[0;32m  OK  [0m] Reached target Graphical Interface.
         Starting Update UTMP about System Runlevel Changes...
[[0;32m  OK  [0m] Started Update UTMP about System Runlevel Changes.
[   15.211003] cloud-init[1392]: Generating locales (this might take a while)...
[   16.844526] cloud-init[1392]:   en_US.UTF-8... done
[   16.846550] cloud-init[1392]: Generation complete.
[   17.292002] cloud-init[1392]: Cloud-init v. 19.4-33-gbb4131a2-0ubuntu1~16.04.1 running 'modules:config' at Thu, 12 Mar 2020 10:27:57 +0000. Up 14.81 seconds.
ci-info: no authorized SSH keys fingerprints found for user ubuntu.
<14>Mar 12 10:28:00 ec2: 
<14>Mar 12 10:28:00 ec2: #############################################################
<14>Mar 12 10:28:00 ec2: -----BEGIN SSH HOST KEY FINGERPRINTS-----
<14>Mar 12 10:28:00 ec2: 1024 SHA256:QFbwbY4fCSrIFZH1vFGxkZncp8owTQTMKdGOSsV40pg root@ubuntu-xenial (DSA)
<14>Mar 12 10:28:00 ec2: 256 SHA256:jP8H+s1rLSlc+3xqNWeR6UI1LlCJSjMrFkIPMg1xric root@ubuntu-xenial (ECDSA)
<14>Mar 12 10:28:00 ec2: 256 SHA256:wNTMM7fWvttTTBFX4UWAg4DulbzKz5ZYUB+BIXnWX7A root@ubuntu-xenial (ED25519)
<14>Mar 12 10:28:00 ec2: 2048 SHA256:NxBaCGXeCnTJZ2lCBq8Z3dR+2SE849bMpcU/iJOC/ZE root@ubuntu-xenial (RSA)
<14>Mar 12 10:28:00 ec2: -----END SSH HOST KEY FINGERPRINTS-----
<14>Mar 12 10:28:00 ec2: #############################################################
-----BEGIN SSH HOST KEY KEYS-----
ecdsa-sha2-nistp256 AAAAE2VjZHNhLXNoYTItbmlzdHAyNTYAAAAIbmlzdHAyNTYAAABBBPstaROXk1yIUW3U0ggmvjgcgbguw3RAieTU0wjBRemUFbHX/YoQcMQ9WSvVqfCtB53/K/eObw6awe9bYFdOeHo= root@ubuntu-xenial
ssh-ed25519 AAAAC3NzaC1lZDI1NTE5AAAAIPNLsM55os7eNt9nNx7yFTeIIEDe1Od5103zsCAoapv2 root@ubuntu-xenial
ssh-rsa AAAAB3NzaC1yc2EAAAADAQABAAABAQCc8lk/uW+ucDoQiTb/MclOGpXDmpVRVUVrorfdq7cYTEC71wFjqF1GFT+AEuszaqHBdp70rGT75+7nen0mXBKcaGhdNEtlDibjsOqonVLF4Yc7IW2Z84EmfjctSs7BDSB2F2XhraEjfptT+HYfRFX89/Cgt4OSMwANfjueQaE6TkVz9Nporyfq/Fax48H1Vz4C9OnNf0prJC6z3YP7NjnoHSpoBOvzQzlwZoJovPme+N6DlWQCjdLiYQA9t++G0RK8YMR1jt4RR4yn0jq1yyyrsU9vy5n9mNR6wVDjz813GpylKs+APLZ62F/yOSRnbIGn6iL2qF05c8ZTVynRHw7r root@ubuntu-xenial
-----END SSH HOST KEY KEYS-----
[   18.243247] cloud-init[1553]: Cloud-init v. 19.4-33-gbb4131a2-0ubuntu1~16.04.1 running 'modules:final' at Thu, 12 Mar 2020 10:28:00 +0000. Up 17.96 seconds.
[   18.253976] cloud-init[1553]: ci-info: no authorized SSH keys fingerprints found for user ubuntu.
[   18.255632] cloud-init[1553]: Cloud-init v. 19.4-33-gbb4131a2-0ubuntu1~16.04.1 finished at Thu, 12 Mar 2020 10:28:00 +0000. Datasource DataSourceNoCloud [seed=/dev/sdb][dsmode=net].  Up 18.22 seconds

Ubuntu 16.04.6 LTS ubuntu-xenial ttyS0

ubuntu-xenial login: 